"activity_entry" :STATUS :UNCHECKED
"activity_event" :STATUS :UNCHECKED
"activity_event_combat_trainingst" :STATUS :UNCHECKED
"activity_event_individual_skill_drillst" :STATUS :UNCHECKED
"activity_event_ranged_practicest" :STATUS :UNCHECKED
"activity_event_skill_demonstrationst" :STATUS :UNCHECKED
"activity_event_sparringst" :STATUS :UNCHECKED
"activity_event_training_sessionst" :STATUS :UNCHECKED
"activity_event_type" :STATUS :UNCHECKED
"activity_info" :STATUS :ALIGNED
"adv_task" :STATUS :UNCHECKED
"adventure_movement_option" :STATUS :UNCHECKED
"ammo_flags" :STATUS :UNCHECKED
"animal_training_level" :STATUS :UNCHECKED
"announcement_flags" :STATUS :UNCHECKED
"announcement_type" :STATUS :UNCHECKED
"announcements" :STATUS :UNCHECKED
"armor_flags" :STATUS :UNCHECKED
"armor_general_flags" :STATUS :UNCHECKED
"armor_properties" :STATUS :UNCHECKED
"art_facet_type" :STATUS :UNCHECKED
"art_image" :STATUS :UNCHECKED
"art_image_collection" :STATUS :UNCHECKED
"art_image_element" :STATUS :UNCHECKED
"art_image_element_creaturest" :STATUS :UNCHECKED
"art_image_element_itemst" :STATUS :UNCHECKED
"art_image_element_plantst" :STATUS :UNCHECKED
"art_image_element_shapest" :STATUS :UNCHECKED
"art_image_element_treest" :STATUS :UNCHECKED
"art_image_element_type" :STATUS :UNCHECKED
"art_image_property" :STATUS :UNCHECKED
"art_image_property_intransitive_verbst" :STATUS :UNCHECKED
"art_image_property_transitive_verbst" :STATUS :UNCHECKED
"art_image_property_type" :STATUS :UNCHECKED
"art_image_property_verb" :STATUS :UNCHECKED
"art_image_ref" :STATUS :UNCHECKED
"artifact_record" :STATUS :ALIGNED
"assign_trade_status" :STATUS :ALIGNED
"assign_trade_status.status" :STATUS :UNCHECKED
"assumed_identity" :STATUS :ALIGNED
"biome_type" :STATUS :UNCHECKED
"block_burrow" :STATUS :ALIGNED
"block_burrow_link" :STATUS :ALIGNED
"block_flags" :STATUS :UNCHECKED
"block_square_event" :STATUS :UNCHECKED
"block_square_event_frozen_liquidst" :STATUS :ALIGNED
"block_square_event_grassst" :STATUS :ALIGNED
"block_square_event_material_spatterst" :STATUS :ALIGNED
"block_square_event_mineralst" :STATUS :ALIGNED
"block_square_event_type" :STATUS :UNCHECKED
"block_square_event_world_constructionst" :STATUS :UNCHECKED
"body_component_info" :STATUS :UNCHECKED
"body_detail_plan" :STATUS :ALIGNED
"body_part_layer_raw" :STATUS :ALIGNED
"body_part_raw" :STATUS :ALIGNED
"body_part_template" :STATUS :ALIGNED
"body_part_template_contype" :STATUS :UNCHECKED
"body_part_template_flags" :STATUS :UNCHECKED
"body_template" :STATUS :ALIGNED
"build_req_choice_genst" :STATUS :ALIGNED
"build_req_choice_specst" :STATUS :ALIGNED
"build_req_choice_type" :STATUS :UNCHECKED
"build_req_choicest" :STATUS :UNCHECKED
"building" :STATUS :UNCHECKED
"building.activities.*.*" :STATUS :UNCHECKED
"building_actual" :STATUS :UNCHECKED
"building_actual.contained_items.*.*" :STATUS :ALIGNED
"building_animaltrapst" :STATUS :UNCHECKED
"building_archerytargetst" :STATUS :UNCHECKED
"building_archerytargetst.archery_direction" :STATUS :UNCHECKED
"building_armorstandst" :STATUS :ALIGNED
"building_axle_horizontalst" :STATUS :UNCHECKED
"building_axle_verticalst" :STATUS :UNCHECKED
"building_bars_floorst" :STATUS :UNCHECKED
"building_bars_verticalst" :STATUS :UNCHECKED
"building_bedst" :STATUS :ALIGNED
"building_boxst" :STATUS :ALIGNED
"building_bridgest" :STATUS :UNCHECKED
"building_bridgest.direction" :STATUS :UNCHECKED
"building_cabinetst" :STATUS :ALIGNED
"building_cagest" :STATUS :UNCHECKED
"building_chainst" :STATUS :UNCHECKED
"building_chairst" :STATUS :ALIGNED
"building_civzonest" :STATUS :ALIGNED
"building_coffinst" :STATUS :ALIGNED
"building_constructionst" :STATUS :UNCHECKED
"building_def" :STATUS :UNCHECKED
"building_def_furnacest" :STATUS :ALIGNED
"building_def_item" :STATUS :ALIGNED
"building_def_workshopst" :STATUS :ALIGNED
"building_design" :STATUS :ALIGNED
"building_doorst" :STATUS :ALIGNED
"building_extents" :STATUS :UNCHECKED
"building_farmplotst" :STATUS :ALIGNED
"building_flags" :STATUS :UNCHECKED
"building_floodgatest" :STATUS :ALIGNED
"building_furnacest" :STATUS :UNCHECKED
"building_gear_assemblyst" :STATUS :UNCHECKED
"building_grate_floorst" :STATUS :UNCHECKED
"building_grate_wallst" :STATUS :UNCHECKED
"building_hatchst" :STATUS :UNCHECKED
"building_hivest" :STATUS :UNCHECKED
"building_nest_boxst" :STATUS :ALIGNED
"building_nestst" :STATUS :UNCHECKED
"building_road_dirtst" :STATUS :UNCHECKED
"building_road_pavedst" :STATUS :UNCHECKED
"building_roadst" :STATUS :UNCHECKED
"building_rollersst" :STATUS :UNCHECKED
"building_screw_pumpst" :STATUS :ALIGNED
"building_shopst" :STATUS :UNCHECKED
"building_siegeenginest" :STATUS :UNCHECKED
"building_siegeenginest.action" :STATUS :UNCHECKED
"building_siegeenginest.facing" :STATUS :UNCHECKED
"building_slabst" :STATUS :UNCHECKED
"building_squad_use" :STATUS :UNCHECKED
"building_statuest" :STATUS :UNCHECKED
"building_stockpilest" :STATUS :ALIGNED
"building_supportst" :STATUS :UNCHECKED
"building_tablest" :STATUS :ALIGNED
"building_traction_benchst" :STATUS :UNCHECKED
"building_tradedepotst" :STATUS :ALIGNED
"building_trapst" :STATUS :ALIGNED
"building_type" :STATUS :ALIGNED
"building_users" :STATUS :UNCHECKED
"building_wagonst" :STATUS :UNCHECKED
"building_water_wheelst" :STATUS :UNCHECKED
"building_weaponrackst" :STATUS :ALIGNED
"building_weaponst" :STATUS :UNCHECKED
"building_wellst" :STATUS :ALIGNED
"building_windmillst" :STATUS :UNCHECKED
"building_window_gemst" :STATUS :UNCHECKED
"building_window_glassst" :STATUS :UNCHECKED
"building_windowst" :STATUS :UNCHECKED
"building_workshopst" :STATUS :ALIGNED
"buildings_other_id" :STATUS :UNCHECKED
"builtin_mats" :STATUS :UNCHECKED
"burrow" :STATUS :ALIGNED
"caravan_state" :STATUS :ALIGNED
"caravan_state.@.*" :STATUS :ALIGNED
"caravan_state.@.*.unk_0.*" :STATUS :ALIGNED
"caste_body_info" :STATUS :UNCHECKED
"caste_clothing_item" :STATUS :UNCHECKED
"caste_raw" :STATUS :ALIGNED
"caste_raw_flags" :STATUS :UNCHECKED
"cave_column_link" :STATUS :ALIGNED
"cie_add_tag_mask1" :STATUS :UNCHECKED
"cie_add_tag_mask2" :STATUS :UNCHECKED
"civzone_type" :STATUS :UNCHECKED
"color_modifier_raw" :STATUS :ALIGNED
"construction" :STATUS :ALIGNED
"construction_flags" :STATUS :UNCHECKED
"construction_type" :STATUS :UNCHECKED
"contaminant" :STATUS :ALIGNED
"coord" :STATUS :ALIGNED
"coord2d" :STATUS :UNCHECKED
"coord2d_path" :STATUS :UNCHECKED
"coord_path" :STATUS :VERIFIED
"corpse_material_type" :STATUS :UNCHECKED
"craft_material_class" :STATUS :UNCHECKED
"creature_interaction_effect" :STATUS :UNCHECKED
"creature_interaction_effect_add_simple_flagst" :STATUS :ALIGNED
"creature_interaction_effect_bleedingst" :STATUS :ALIGNED
"creature_interaction_effect_blistersst" :STATUS :ALIGNED
"creature_interaction_effect_body_mat_interactionst" :STATUS :ALIGNED
"creature_interaction_effect_body_transformationst" :STATUS :ALIGNED
"creature_interaction_effect_bp_appearance_modifierst" :STATUS :ALIGNED
"creature_interaction_effect_bruisingst" :STATUS :ALIGNED
"creature_interaction_effect_can_do_interactionst" :STATUS :ALIGNED
"creature_interaction_effect_cough_bloodst" :STATUS :ALIGNED
"creature_interaction_effect_display_namest" :STATUS :ALIGNED
"creature_interaction_effect_display_symbolst" :STATUS :ALIGNED
"creature_interaction_effect_dizzinessst" :STATUS :ALIGNED
"creature_interaction_effect_drowsinessst" :STATUS :ALIGNED
"creature_interaction_effect_feverst" :STATUS :ALIGNED
"creature_interaction_effect_flags" :STATUS :UNCHECKED
"creature_interaction_effect_flash_symbolst" :STATUS :ALIGNED
"creature_interaction_effect_impair_functionst" :STATUS :ALIGNED
"creature_interaction_effect_material_force_adjustst" :STATUS :ALIGNED
"creature_interaction_effect_ment_att_changest" :STATUS :ALIGNED
"creature_interaction_effect_nauseast" :STATUS :ALIGNED
"creature_interaction_effect_necrosisst" :STATUS :ALIGNED
"creature_interaction_effect_numbnessst" :STATUS :ALIGNED
"creature_interaction_effect_oozingst" :STATUS :ALIGNED
"creature_interaction_effect_painst" :STATUS :ALIGNED
"creature_interaction_effect_paralysisst" :STATUS :ALIGNED
"creature_interaction_effect_phys_att_changest" :STATUS :ALIGNED
"creature_interaction_effect_remove_simple_flagst" :STATUS :ALIGNED
"creature_interaction_effect_skill_roll_adjustst" :STATUS :ALIGNED
"creature_interaction_effect_speed_changest" :STATUS :ALIGNED
"creature_interaction_effect_swellingst" :STATUS :ALIGNED
"creature_interaction_effect_target" :STATUS :UNCHECKED
"creature_interaction_effect_type" :STATUS :UNCHECKED
"creature_interaction_effect_unconsciousnessst" :STATUS :ALIGNED
"creature_interaction_effect_vomit_bloodst" :STATUS :ALIGNED
"creature_raw" :STATUS :ALIGNED
"creature_raw_flags" :STATUS :UNCHECKED
"creature_variation" :STATUS :ALIGNED
"creature_variation_convert_tag" :STATUS :ALIGNED
"criminal_case" :STATUS :ALIGNED
"criminal_case.@.*.*" :STATUS :UNCHECKED
"criminal_case.mode" :STATUS :UNCHECKED
"d_init" :STATUS :ALIGNED
"d_init_flags1" :STATUS :UNCHECKED
"d_init_flags2" :STATUS :UNCHECKED
"d_init_flags3" :STATUS :UNCHECKED
"d_init_flags4" :STATUS :UNCHECKED
"d_init_idlers" :STATUS :UNCHECKED
"d_init_nickname" :STATUS :UNCHECKED
"d_init_tunnel" :STATUS :ALIGNED
"d_init_z_view" :STATUS :ALIGNED
"death_info" :STATUS :ALIGNED
"descriptor_color" :STATUS :ALIGNED
"descriptor_pattern" :STATUS :ALIGNED
"descriptor_shape" :STATUS :ALIGNED
"dfhack_material_category" :STATUS :UNCHECKED
"dipscript_info" :STATUS :ALIGNED
"door_flags" :STATUS :UNCHECKED
"dye_info" :STATUS :UNCHECKED
"effect_info" :STATUS :UNCHECKED
"embark_finder_option" :STATUS :UNCHECKED
"enabler" :STATUS :VERIFIED
"enabler.async_frombox.queue.*" :STATUS :UNCHECKED
"enabler.async_frombox.queue.*.msg" :STATUS :UNCHECKED
"enabler.async_tobox.queue.*" :STATUS :UNCHECKED
"enabler.async_tobox.queue.*.cmd" :STATUS :UNCHECKED
"enabler.async_zoom.queue.*" :STATUS :UNCHECKED
"enabler.overridden_grid_sizes.*" :STATUS :UNCHECKED
"engraving" :STATUS :ALIGNED
"engraving_flags" :STATUS :UNCHECKED
"entity_activity_statistics" :STATUS :UNCHECKED
"entity_population" :STATUS :ALIGNED
"entity_population_unk4" :STATUS :ALIGNED
"entity_population_unk4.@.*.*" :STATUS :ALIGNED
"entity_position" :STATUS :ALIGNED
"entity_position_assignment" :STATUS :ALIGNED
"entity_position_flags" :STATUS :UNCHECKED
"entity_position_raw" :STATUS :ALIGNED
"entity_position_raw_flags" :STATUS :UNCHECKED
"entity_position_responsibility" :STATUS :UNCHECKED
"entity_raw" :STATUS :ALIGNED
"entity_raw_flags" :STATUS :UNCHECKED
"entity_uniform" :STATUS :ALIGNED
"entity_uniform_item" :STATUS :ALIGNED
"environment_type" :STATUS :UNCHECKED
"ethic_response" :STATUS :UNCHECKED
"ethic_type" :STATUS :UNCHECKED
"feature" :STATUS :UNCHECKED
"feature_alteration" :STATUS :UNCHECKED
"feature_alteration_new_lava_fill_zst" :STATUS :UNCHECKED
"feature_alteration_new_pop_maxst" :STATUS :UNCHECKED
"feature_alteration_type" :STATUS :UNCHECKED
"feature_cavest" :STATUS :ALIGNED
"feature_deep_special_tubest" :STATUS :ALIGNED
"feature_deep_surface_portalst" :STATUS :ALIGNED
"feature_init" :STATUS :UNCHECKED
"feature_init_cavest" :STATUS :ALIGNED
"feature_init_deep_special_tubest" :STATUS :ALIGNED
"feature_init_deep_surface_portalst" :STATUS :ALIGNED
"feature_init_flags" :STATUS :UNCHECKED
"feature_init_magma_core_from_layerst" :STATUS :ALIGNED
"feature_init_magma_poolst" :STATUS :ALIGNED
"feature_init_outdoor_riverst" :STATUS :ALIGNED
"feature_init_pitst" :STATUS :ALIGNED
"feature_init_subterranean_from_layerst" :STATUS :ALIGNED
"feature_init_underworld_from_layerst" :STATUS :ALIGNED
"feature_init_volcanost" :STATUS :ALIGNED
"feature_magma_core_from_layerst" :STATUS :ALIGNED
"feature_magma_poolst" :STATUS :ALIGNED
"feature_outdoor_riverst" :STATUS :ALIGNED
"feature_pitst" :STATUS :ALIGNED
"feature_subterranean_from_layerst" :STATUS :ALIGNED
"feature_type" :STATUS :UNCHECKED
"feature_underworld_from_layerst" :STATUS :ALIGNED
"feature_volcanost" :STATUS :ALIGNED
"flow_info" :STATUS :ALIGNED
"flow_type" :STATUS :UNCHECKED
"furnace_type" :STATUS :UNCHECKED
"gate_flags" :STATUS :UNCHECKED
"general_ref" :STATUS :UNCHECKED
"general_ref_abstract_buildingst" :STATUS :UNCHECKED
"general_ref_artifact" :STATUS :UNCHECKED
"general_ref_building" :STATUS :UNCHECKED
"general_ref_building_cagedst" :STATUS :UNCHECKED
"general_ref_building_chainst" :STATUS :UNCHECKED
"general_ref_building_civzone_assignedst" :STATUS :ALIGNED
"general_ref_building_destinationst" :STATUS :ALIGNED
"general_ref_building_holderst" :STATUS :ALIGNED
"general_ref_building_nest_boxst" :STATUS :ALIGNED
"general_ref_building_triggerst" :STATUS :UNCHECKED
"general_ref_building_triggertargetst" :STATUS :UNCHECKED
"general_ref_building_use_target_1st" :STATUS :ALIGNED
"general_ref_building_use_target_2st" :STATUS :UNCHECKED
"general_ref_building_well_tag" :STATUS :UNCHECKED
"general_ref_coinbatch" :STATUS :UNCHECKED
"general_ref_contained_in_itemst" :STATUS :ALIGNED
"general_ref_contains_itemst" :STATUS :ALIGNED
"general_ref_contains_unitst" :STATUS :ALIGNED
"general_ref_creaturest" :STATUS :UNCHECKED
"general_ref_entity" :STATUS :UNCHECKED
"general_ref_entity_art_image" :STATUS :UNCHECKED
"general_ref_entity_itemownerst" :STATUS :ALIGNED
"general_ref_entity_offeredst" :STATUS :UNCHECKED
"general_ref_entity_popst" :STATUS :UNCHECKED
"general_ref_entity_stolenst" :STATUS :UNCHECKED
"general_ref_feature_layerst" :STATUS :UNCHECKED
"general_ref_historical_eventst" :STATUS :UNCHECKED
"general_ref_historical_figurest" :STATUS :UNCHECKED
"general_ref_interactionst" :STATUS :UNCHECKED
"general_ref_is_artifactst" :STATUS :ALIGNED
"general_ref_is_nemesisst" :STATUS :ALIGNED
"general_ref_item" :STATUS :UNCHECKED
"general_ref_item_type" :STATUS :UNCHECKED
"general_ref_locationst" :STATUS :UNCHECKED
"general_ref_mapsquare" :STATUS :UNCHECKED
"general_ref_nemesis" :STATUS :UNCHECKED
"general_ref_projectile" :STATUS :UNCHECKED
"general_ref_sitest" :STATUS :UNCHECKED
"general_ref_spherest" :STATUS :UNCHECKED
"general_ref_subregionst" :STATUS :UNCHECKED
"general_ref_type" :STATUS :UNCHECKED
"general_ref_unit" :STATUS :UNCHECKED
"general_ref_unit_beateest" :STATUS :UNCHECKED
"general_ref_unit_cageest" :STATUS :UNCHECKED
"general_ref_unit_foodreceiverst" :STATUS :UNCHECKED
"general_ref_unit_holderst" :STATUS :ALIGNED
"general_ref_unit_infantst" :STATUS :UNCHECKED
"general_ref_unit_itemownerst" :STATUS :ALIGNED
"general_ref_unit_kidnapeest" :STATUS :ALIGNED
"general_ref_unit_milkeest" :STATUS :UNCHECKED
"general_ref_unit_patientst" :STATUS :UNCHECKED
"general_ref_unit_reporteest" :STATUS :UNCHECKED
"general_ref_unit_riderst" :STATUS :UNCHECKED
"general_ref_unit_sheareest" :STATUS :UNCHECKED
"general_ref_unit_slaughtereest" :STATUS :UNCHECKED
"general_ref_unit_suckeest" :STATUS :UNCHECKED
"general_ref_unit_tradebringerst" :STATUS :ALIGNED
"general_ref_unit_traineest" :STATUS :UNCHECKED
"general_ref_unit_workerst" :STATUS :ALIGNED
"geo_layer_type" :STATUS :UNCHECKED
"ghost_type" :STATUS :UNCHECKED
"gloves_flags" :STATUS :UNCHECKED
"graphic" :STATUS :VERIFIED
"guild_id" :STATUS :UNCHECKED
"hauling_route" :STATUS :VERIFIED
"hauling_stop" :STATUS :ALIGNED
"health_view_bits1" :STATUS :UNCHECKED
"health_view_bits2" :STATUS :UNCHECKED
"health_view_bits3" :STATUS :UNCHECKED
"helm_flags" :STATUS :UNCHECKED
"histfig_entity_link" :STATUS :UNCHECKED
"histfig_entity_link_criminalst" :STATUS :ALIGNED
"histfig_entity_link_enemyst" :STATUS :ALIGNED
"histfig_entity_link_former_memberst" :STATUS :ALIGNED
"histfig_entity_link_former_mercenaryst" :STATUS :UNCHECKED
"histfig_entity_link_former_positionst" :STATUS :ALIGNED
"histfig_entity_link_former_prisonerst" :STATUS :ALIGNED
"histfig_entity_link_former_slavest" :STATUS :UNCHECKED
"histfig_entity_link_herost" :STATUS :UNCHECKED
"histfig_entity_link_memberst" :STATUS :ALIGNED
"histfig_entity_link_mercenaryst" :STATUS :UNCHECKED
"histfig_entity_link_positionst" :STATUS :ALIGNED
"histfig_entity_link_prisonerst" :STATUS :ALIGNED
"histfig_entity_link_slavest" :STATUS :UNCHECKED
"histfig_entity_link_type" :STATUS :UNCHECKED
"histfig_hf_link" :STATUS :UNCHECKED
"histfig_hf_link_apprenticest" :STATUS :UNCHECKED
"histfig_hf_link_childst" :STATUS :ALIGNED
"histfig_hf_link_deityst" :STATUS :ALIGNED
"histfig_hf_link_fatherst" :STATUS :ALIGNED
"histfig_hf_link_imprisonerst" :STATUS :UNCHECKED
"histfig_hf_link_loverst" :STATUS :ALIGNED
"histfig_hf_link_masterst" :STATUS :UNCHECKED
"histfig_hf_link_motherst" :STATUS :ALIGNED
"histfig_hf_link_prisonerst" :STATUS :UNCHECKED
"histfig_hf_link_spousest" :STATUS :ALIGNED
"histfig_hf_link_type" :STATUS :UNCHECKED
"histfig_site_link" :STATUS :UNCHECKED
"histfig_site_link_hangoutst" :STATUS :UNCHECKED
"histfig_site_link_home_site_abstract_buildingst" :STATUS :ALIGNED
"histfig_site_link_home_site_realization_buildingst" :STATUS :UNCHECKED
"histfig_site_link_home_site_realization_sulst" :STATUS :UNCHECKED
"histfig_site_link_lairst" :STATUS :ALIGNED
"histfig_site_link_seat_of_powerst" :STATUS :ALIGNED
"histfig_site_link_shopkeeperst" :STATUS :UNCHECKED
"histfig_site_link_type" :STATUS :UNCHECKED
"historical_entity" :STATUS :ALIGNED
"historical_entity.resources.unk13.*" :STATUS :UNCHECKED
"historical_entity.unk6a.*.*" :STATUS :ALIGNED
"historical_entity.unk6b.*.*" :STATUS :ALIGNED
"historical_entity.unknown1d.training_knowledge.*" :STATUS :ALIGNED
"historical_figure" :STATUS :ALIGNED
"historical_figure.worldgen.unk_c.*" :STATUS :UNCHECKED
"historical_figure_info" :STATUS :ALIGNED
"historical_figure_info.curse.*" :STATUS :ALIGNED
"historical_figure_info.masterpieces.*" :STATUS :ALIGNED
"historical_figure_info.reputation.*" :STATUS :ALIGNED
"historical_figure_info.reputation.*.wanted.*.*" :STATUS :ALIGNED
"historical_figure_info.secret.*" :STATUS :ALIGNED
"historical_figure_info.skills.*" :STATUS :ALIGNED
"historical_figure_info.unk_14.*" :STATUS :ALIGNED
"historical_figure_info.unk_c.*" :STATUS :ALIGNED
"historical_figure_info.unk_c.*.unk_3c.*.*" :STATUS :ALIGNED
"historical_figure_info.wounds.*" :STATUS :ALIGNED
"historical_kills" :STATUS :ALIGNED
"historical_kills.killed_undead.*" :STATUS :UNCHECKED
"history_event" :STATUS :UNCHECKED
"history_event_add_hf_entity_linkst" :STATUS :ALIGNED
"history_event_add_hf_hf_linkst" :STATUS :ALIGNED
"history_event_add_hf_site_linkst" :STATUS :ALIGNED
"history_event_agreements_voidedst" :STATUS :UNCHECKED
"history_event_artifact_createdst" :STATUS :ALIGNED
"history_event_artifact_droppedst" :STATUS :UNCHECKED
"history_event_artifact_foundst" :STATUS :UNCHECKED
"history_event_artifact_hiddenst" :STATUS :UNCHECKED
"history_event_artifact_lostst" :STATUS :UNCHECKED
"history_event_artifact_possessedst" :STATUS :UNCHECKED
"history_event_artifact_recoveredst" :STATUS :UNCHECKED
"history_event_artifact_storedst" :STATUS :UNCHECKED
"history_event_assume_identityst" :STATUS :ALIGNED
"history_event_body_abusedst" :STATUS :UNCHECKED
"history_event_change_creature_typest" :STATUS :ALIGNED
"history_event_change_hf_body_statest" :STATUS :ALIGNED
"history_event_change_hf_jobst" :STATUS :ALIGNED
"history_event_change_hf_statest" :STATUS :ALIGNED
"history_event_collection" :STATUS :UNCHECKED
"history_event_collection_abductionst" :STATUS :ALIGNED
"history_event_collection_battlest" :STATUS :ALIGNED
"history_event_collection_beast_attackst" :STATUS :ALIGNED
"history_event_collection_duelst" :STATUS :ALIGNED
"history_event_collection_journeyst" :STATUS :ALIGNED
"history_event_collection_site_conqueredst" :STATUS :UNCHECKED
"history_event_collection_theftst" :STATUS :UNCHECKED
"history_event_collection_type" :STATUS :UNCHECKED
"history_event_collection_warst" :STATUS :ALIGNED
"history_event_create_entity_positionst" :STATUS :UNCHECKED
"history_event_created_buildingst" :STATUS :ALIGNED
"history_event_created_sitest" :STATUS :ALIGNED
"history_event_created_world_constructionst" :STATUS :ALIGNED
"history_event_creature_devouredst" :STATUS :ALIGNED
"history_event_diplomat_lostst" :STATUS :UNCHECKED
"history_event_entity_actionst" :STATUS :ALIGNED
"history_event_entity_createdst" :STATUS :ALIGNED
"history_event_entity_incorporatedst" :STATUS :UNCHECKED
"history_event_entity_lawst" :STATUS :ALIGNED
"history_event_entity_razed_buildingst" :STATUS :ALIGNED
"history_event_first_contact_failedst" :STATUS :UNCHECKED
"history_event_first_contactst" :STATUS :UNCHECKED
"history_event_hf_act_on_buildingst" :STATUS :ALIGNED
"history_event_hf_confrontedst" :STATUS :ALIGNED
"history_event_hf_destroyed_sitest" :STATUS :UNCHECKED
"history_event_hf_does_interactionst" :STATUS :ALIGNED
"history_event_hf_gains_secret_goalst" :STATUS :ALIGNED
"history_event_hf_learns_secretst" :STATUS :UNCHECKED
"history_event_hf_razed_buildingst" :STATUS :UNCHECKED
"history_event_hist_figure_abductedst" :STATUS :ALIGNED
"history_event_hist_figure_diedst" :STATUS :ALIGNED
"history_event_hist_figure_new_petst" :STATUS :ALIGNED
"history_event_hist_figure_reach_summitst" :STATUS :UNCHECKED
"history_event_hist_figure_reunionst" :STATUS :ALIGNED
"history_event_hist_figure_revivedst" :STATUS :ALIGNED
"history_event_hist_figure_simple_battle_eventst" :STATUS :ALIGNED
"history_event_hist_figure_travelst" :STATUS :ALIGNED
"history_event_hist_figure_woundedst" :STATUS :ALIGNED
"history_event_item_stolenst" :STATUS :ALIGNED
"history_event_masterpiece_created_arch_constructst" :STATUS :ALIGNED
"history_event_masterpiece_created_arch_designst" :STATUS :UNCHECKED
"history_event_masterpiece_created_dye_itemst" :STATUS :UNCHECKED
"history_event_masterpiece_created_engravingst" :STATUS :ALIGNED
"history_event_masterpiece_created_foodst" :STATUS :ALIGNED
"history_event_masterpiece_created_item_improvementst" :STATUS :ALIGNED
"history_event_masterpiece_created_itemst" :STATUS :ALIGNED
"history_event_masterpiece_createdst" :STATUS :UNCHECKED
"history_event_masterpiece_lostst" :STATUS :ALIGNED
"history_event_merchantst" :STATUS :ALIGNED
"history_event_reclaim_sitest" :STATUS :UNCHECKED
"history_event_remove_hf_entity_linkst" :STATUS :ALIGNED
"history_event_remove_hf_hf_linkst" :STATUS :UNCHECKED
"history_event_remove_hf_site_linkst" :STATUS :ALIGNED
"history_event_replaced_buildingst" :STATUS :UNCHECKED
"history_event_site_abandonedst" :STATUS :ALIGNED
"history_event_site_diedst" :STATUS :UNCHECKED
"history_event_topicagreement_concludedst" :STATUS :UNCHECKED
"history_event_topicagreement_madest" :STATUS :UNCHECKED
"history_event_topicagreement_rejectedst" :STATUS :UNCHECKED
"history_event_type" :STATUS :UNCHECKED
"history_event_war_attacked_sitest" :STATUS :UNCHECKED
"history_event_war_destroyed_sitest" :STATUS :UNCHECKED
"history_event_war_field_battlest" :STATUS :ALIGNED
"history_event_war_peace_acceptedst" :STATUS :ALIGNED
"history_event_war_peace_rejectedst" :STATUS :UNCHECKED
"history_event_war_plundered_sitest" :STATUS :UNCHECKED
"history_event_war_site_new_leaderst" :STATUS :UNCHECKED
"history_event_war_site_taken_overst" :STATUS :UNCHECKED
"history_event_war_site_tribute_forcedst" :STATUS :UNCHECKED
"history_hit_item" :STATUS :UNCHECKED
"hospital_supplies" :STATUS :UNCHECKED
"improvement_type" :STATUS :UNCHECKED
"inclusion_type" :STATUS :UNCHECKED
"init" :STATUS :ALIGNED
"init_display" :STATUS :ALIGNED
"init_display.windowed" :STATUS :UNCHECKED
"init_display_flags" :STATUS :UNCHECKED
"init_font" :STATUS :ALIGNED
"init_font.use_ttf" :STATUS :UNCHECKED
"init_input" :STATUS :ALIGNED
"init_input_flags" :STATUS :UNCHECKED
"init_media" :STATUS :ALIGNED
"init_media_flags" :STATUS :UNCHECKED
"init_window" :STATUS :ALIGNED
"init_window_flags" :STATUS :UNCHECKED
"inorganic_flags" :STATUS :UNCHECKED
"inorganic_raw" :STATUS :ALIGNED
"instrument_flags" :STATUS :UNCHECKED
"interaction" :STATUS :ALIGNED
"interface_breakdown_types" :STATUS :ALIGNED
"interface_button" :STATUS :UNCHECKED
"interface_button_building_category_selectorst" :STATUS :UNCHECKED
"interface_button_building_material_selectorst" :STATUS :UNCHECKED
"interface_button_building_new_jobst" :STATUS :ALIGNED
"interface_button_buildingst" :STATUS :UNCHECKED
"interface_button_button_designate_selectst" :STATUS :UNCHECKED
"interface_button_button_donest" :STATUS :UNCHECKED
"interface_button_button_open_bitem_designationst" :STATUS :UNCHECKED
"interface_button_button_open_traffic_designationst" :STATUS :UNCHECKED
"interface_button_buttonst" :STATUS :UNCHECKED
"interface_button_construction_building_selectorst" :STATUS :ALIGNED
"interface_button_construction_category_selectorst" :STATUS :ALIGNED
"interface_button_construction_donest" :STATUS :ALIGNED
"interface_button_constructionst" :STATUS :UNCHECKED
"interfacest" :STATUS :VERIFIED
"invasion_info" :STATUS :UNCHECKED
"item" :STATUS :UNCHECKED
"item_actual" :STATUS :UNCHECKED
"item_ammost" :STATUS :ALIGNED
"item_amuletst" :STATUS :ALIGNED
"item_animaltrapst" :STATUS :UNCHECKED
"item_anvilst" :STATUS :ALIGNED
"item_armorst" :STATUS :ALIGNED
"item_armorstandst" :STATUS :ALIGNED
"item_backpackst" :STATUS :ALIGNED
"item_ballistaarrowheadst" :STATUS :UNCHECKED
"item_ballistapartsst" :STATUS :UNCHECKED
"item_barrelst" :STATUS :ALIGNED
"item_barst" :STATUS :ALIGNED
"item_bedst" :STATUS :ALIGNED
"item_binst" :STATUS :ALIGNED
"item_blocksst" :STATUS :ALIGNED
"item_body_component" :STATUS :UNCHECKED
"item_bookst" :STATUS :UNCHECKED
"item_boulderst" :STATUS :ALIGNED
"item_boxst" :STATUS :ALIGNED
"item_braceletst" :STATUS :ALIGNED
"item_bucketst" :STATUS :ALIGNED
"item_cabinetst" :STATUS :ALIGNED
"item_cagest" :STATUS :ALIGNED
"item_catapultpartsst" :STATUS :UNCHECKED
"item_chainst" :STATUS :ALIGNED
"item_chairst" :STATUS :ALIGNED
"item_cheesest" :STATUS :ALIGNED
"item_clothst" :STATUS :ALIGNED
"item_coffinst" :STATUS :ALIGNED
"item_coinst" :STATUS :UNCHECKED
"item_constructed" :STATUS :UNCHECKED
"item_corpsepiecest" :STATUS :ALIGNED
"item_corpsest" :STATUS :ALIGNED
"item_crafted" :STATUS :UNCHECKED
"item_critter" :STATUS :UNCHECKED
"item_crownst" :STATUS :ALIGNED
"item_crutchst" :STATUS :ALIGNED
"item_doorst" :STATUS :ALIGNED
"item_drinkst" :STATUS :ALIGNED
"item_earringst" :STATUS :ALIGNED
"item_eggst" :STATUS :ALIGNED
"item_figurinest" :STATUS :ALIGNED
"item_filter_spec" :STATUS :UNCHECKED
"item_fish_rawst" :STATUS :ALIGNED
"item_fishst" :STATUS :ALIGNED
"item_flags" :STATUS :UNCHECKED
"item_flags2" :STATUS :UNCHECKED
"item_flaskst" :STATUS :ALIGNED
"item_floodgatest" :STATUS :ALIGNED
"item_foodst" :STATUS :ALIGNED
"item_foodst.ingredients.*.*" :STATUS :ALIGNED
"item_gemst" :STATUS :ALIGNED
"item_globst" :STATUS :ALIGNED
"item_glovesst" :STATUS :ALIGNED
"item_gobletst" :STATUS :ALIGNED
"item_gratest" :STATUS :UNCHECKED
"item_hatch_coverst" :STATUS :UNCHECKED
"item_helmst" :STATUS :ALIGNED
"item_history_info" :STATUS :ALIGNED
"item_instrumentst" :STATUS :ALIGNED
"item_kill_info" :STATUS :ALIGNED
"item_leavesst" :STATUS :UNCHECKED
"item_liquid" :STATUS :UNCHECKED
"item_liquid_miscst" :STATUS :ALIGNED
"item_liquipowder" :STATUS :UNCHECKED
"item_magicness" :STATUS :UNCHECKED
"item_matstate" :STATUS :UNCHECKED
"item_meatst" :STATUS :ALIGNED
"item_millstonest" :STATUS :ALIGNED
"item_orthopedic_castst" :STATUS :UNCHECKED
"item_pantsst" :STATUS :ALIGNED
"item_petst" :STATUS :ALIGNED
"item_pipe_sectionst" :STATUS :ALIGNED
"item_plantst" :STATUS :ALIGNED
"item_powder" :STATUS :UNCHECKED
"item_powder_miscst" :STATUS :ALIGNED
"item_quality" :STATUS :UNCHECKED
"item_quernst" :STATUS :UNCHECKED
"item_quiverst" :STATUS :ALIGNED
"item_remainsst" :STATUS :ALIGNED
"item_ringst" :STATUS :ALIGNED
"item_rockst" :STATUS :UNCHECKED
"item_roughst" :STATUS :ALIGNED
"item_scepterst" :STATUS :ALIGNED
"item_seedsst" :STATUS :ALIGNED
"item_shieldst" :STATUS :ALIGNED
"item_shoesst" :STATUS :ALIGNED
"item_siegeammost" :STATUS :UNCHECKED
"item_skin_tannedst" :STATUS :ALIGNED
"item_slabst" :STATUS :UNCHECKED
"item_smallgemst" :STATUS :ALIGNED
"item_splintst" :STATUS :ALIGNED
"item_statuest" :STATUS :UNCHECKED
"item_stockpile_ref" :STATUS :UNCHECKED
"item_tablest" :STATUS :ALIGNED
"item_threadst" :STATUS :ALIGNED
"item_toolst" :STATUS :ALIGNED
"item_totemst" :STATUS :UNCHECKED
"item_toyst" :STATUS :ALIGNED
"item_traction_benchst" :STATUS :UNCHECKED
"item_trapcompst" :STATUS :ALIGNED
"item_trappartsst" :STATUS :ALIGNED
"item_type" :STATUS :ALIGNED
"item_verminst" :STATUS :UNCHECKED
"item_weaponrackst" :STATUS :ALIGNED
"item_weaponst" :STATUS :ALIGNED
"item_windowst" :STATUS :UNCHECKED
"item_woodst" :STATUS :ALIGNED
"itemdef" :STATUS :UNCHECKED
"itemdef_ammost" :STATUS :ALIGNED
"itemdef_armorst" :STATUS :ALIGNED
"itemdef_foodst" :STATUS :ALIGNED
"itemdef_glovesst" :STATUS :ALIGNED
"itemdef_helmst" :STATUS :ALIGNED
"itemdef_instrumentst" :STATUS :ALIGNED
"itemdef_pantsst" :STATUS :ALIGNED
"itemdef_shieldst" :STATUS :ALIGNED
"itemdef_shoesst" :STATUS :ALIGNED
"itemdef_siegeammost" :STATUS :ALIGNED
"itemdef_toolst" :STATUS :ALIGNED
"itemdef_toyst" :STATUS :ALIGNED
"itemdef_trapcompst" :STATUS :ALIGNED
"itemdef_weaponst" :STATUS :ALIGNED
"itemimprovement" :STATUS :UNCHECKED
"itemimprovement_art_imagest" :STATUS :ALIGNED
"itemimprovement_bandsst" :STATUS :ALIGNED
"itemimprovement_clothst" :STATUS :ALIGNED
"itemimprovement_coveredst" :STATUS :ALIGNED
"itemimprovement_illustrationst" :STATUS :UNCHECKED
"itemimprovement_itemspecificst" :STATUS :ALIGNED
"itemimprovement_pagesst" :STATUS :UNCHECKED
"itemimprovement_rings_hangingst" :STATUS :ALIGNED
"itemimprovement_sewn_imagest" :STATUS :UNCHECKED
"itemimprovement_spikesst" :STATUS :ALIGNED
"itemimprovement_threadst" :STATUS :ALIGNED
"items_other_id" :STATUS :UNCHECKED
"job" :STATUS :ALIGNED
"job_flags" :STATUS :UNCHECKED
"job_item" :STATUS :ALIGNED
"job_item_category" :STATUS :UNCHECKED
"job_item_filter" :STATUS :VERIFIED
"job_item_flags1" :STATUS :ALIGNED
"job_item_flags2" :STATUS :ALIGNED
"job_item_flags3" :STATUS :ALIGNED
"job_item_ref" :STATUS :ALIGNED
"job_item_ref.role" :STATUS :UNCHECKED
"job_item_vector_id" :STATUS :UNCHECKED
"job_list_link" :STATUS :ALIGNED
"job_material_category" :STATUS :UNCHECKED
"job_skill" :STATUS :UNCHECKED
"job_skill_class" :STATUS :UNCHECKED
"job_type" :STATUS :UNCHECKED
"job_type_class" :STATUS :UNCHECKED
"language_name" :STATUS :UNCHECKED
"language_symbol" :STATUS :ALIGNED
"language_translation" :STATUS :ALIGNED
"language_word" :STATUS :ALIGNED
"language_word_flags" :STATUS :UNCHECKED
"layer_object" :STATUS :VERIFIED
"layer_object_listst" :STATUS :VERIFIED
"machine" :STATUS :UNCHECKED
"machine.components.*.*" :STATUS :ALIGNED
"machine_conn_modes" :STATUS :UNCHECKED
"machine_info" :STATUS :UNCHECKED
"machine_standardst" :STATUS :ALIGNED
"machine_tile_set" :STATUS :UNCHECKED
"machine_type" :STATUS :UNCHECKED
"manager_order" :STATUS :UNCHECKED
"manager_order_template" :STATUS :UNCHECKED
"mandate" :STATUS :UNCHECKED
"map_block" :STATUS :ALIGNED
"map_block_column" :STATUS :ALIGNED
"map_block_column.unk_8.*.*" :STATUS :ALIGNED
"material" :STATUS :ALIGNED
"material_common" :STATUS :UNCHECKED
"material_flags" :STATUS :UNCHECKED
"material_template" :STATUS :ALIGNED
"material_vec_ref" :STATUS :UNCHECKED
"matter_state" :STATUS :UNCHECKED
"meeting_diplomat_info" :STATUS :ALIGNED
"mental_attribute_type" :STATUS :UNCHECKED
"mood_type" :STATUS :UNCHECKED
"nemesis_record" :STATUS :ALIGNED
"organic_mat_category" :STATUS :UNCHECKED
"pants_flags" :STATUS :UNCHECKED
"part_of_speech" :STATUS :UNCHECKED
"party_info" :STATUS :UNCHECKED
"pattern_type" :STATUS :UNCHECKED
"personality_facet_type" :STATUS :UNCHECKED
"pet_info" :STATUS :ALIGNED
"physical_attribute_type" :STATUS :UNCHECKED
"plant" :STATUS :ALIGNED
"plant_flags" :STATUS :UNCHECKED
"plant_raw" :STATUS :ALIGNED
"plant_raw_flags" :STATUS :UNCHECKED
"popup_message" :STATUS :UNCHECKED
"power_info" :STATUS :UNCHECKED
"pressure_plate_info" :STATUS :VERIFIED
"profession" :STATUS :UNCHECKED
"proj_itemst" :STATUS :UNCHECKED
"proj_list_link" :STATUS :UNCHECKED
"proj_magicst" :STATUS :UNCHECKED
"proj_unitst" :STATUS :UNCHECKED
"projectile" :STATUS :UNCHECKED
"projectile_type" :STATUS :UNCHECKED
"quest_list_link" :STATUS :UNCHECKED
"reaction" :STATUS :ALIGNED
"reaction_flags" :STATUS :UNCHECKED
"reaction_product" :STATUS :UNCHECKED
"reaction_product_improvement_flags" :STATUS :UNCHECKED
"reaction_product_item_flags" :STATUS :UNCHECKED
"reaction_product_item_improvementst" :STATUS :ALIGNED
"reaction_product_itemst" :STATUS :ALIGNED
"reaction_product_type" :STATUS :UNCHECKED
"reaction_reagent" :STATUS :UNCHECKED
"reaction_reagent_flags" :STATUS :UNCHECKED
"reaction_reagent_itemst" :STATUS :ALIGNED
"reaction_reagent_type" :STATUS :UNCHECKED
"report" :STATUS :ALIGNED
"resource_allotment_specifier" :STATUS :UNCHECKED
"resource_allotment_specifier_ammost" :STATUS :ALIGNED
"resource_allotment_specifier_anvilst" :STATUS :UNCHECKED
"resource_allotment_specifier_armor_bodyst" :STATUS :ALIGNED
"resource_allotment_specifier_armor_bootsst" :STATUS :ALIGNED
"resource_allotment_specifier_armor_glovesst" :STATUS :ALIGNED
"resource_allotment_specifier_armor_helmst" :STATUS :ALIGNED
"resource_allotment_specifier_armor_pantsst" :STATUS :ALIGNED
"resource_allotment_specifier_backpackst" :STATUS :UNCHECKED
"resource_allotment_specifier_bagst" :STATUS :UNCHECKED
"resource_allotment_specifier_bedst" :STATUS :ALIGNED
"resource_allotment_specifier_bonest" :STATUS :ALIGNED
"resource_allotment_specifier_boxst" :STATUS :ALIGNED
"resource_allotment_specifier_cabinetst" :STATUS :ALIGNED
"resource_allotment_specifier_chairst" :STATUS :ALIGNED
"resource_allotment_specifier_cheesest" :STATUS :ALIGNED
"resource_allotment_specifier_clothing_bodyst" :STATUS :ALIGNED
"resource_allotment_specifier_clothing_bootsst" :STATUS :ALIGNED
"resource_allotment_specifier_clothing_glovesst" :STATUS :ALIGNED
"resource_allotment_specifier_clothing_helmst" :STATUS :ALIGNED
"resource_allotment_specifier_clothing_pantsst" :STATUS :ALIGNED
"resource_allotment_specifier_clothst" :STATUS :ALIGNED
"resource_allotment_specifier_craftsst" :STATUS :ALIGNED
"resource_allotment_specifier_cropst" :STATUS :ALIGNED
"resource_allotment_specifier_extractst" :STATUS :ALIGNED
"resource_allotment_specifier_flaskst" :STATUS :UNCHECKED
"resource_allotment_specifier_gemsst" :STATUS :ALIGNED
"resource_allotment_specifier_hornst" :STATUS :ALIGNED
"resource_allotment_specifier_leatherst" :STATUS :ALIGNED
"resource_allotment_specifier_meatst" :STATUS :ALIGNED
"resource_allotment_specifier_metalst" :STATUS :ALIGNED
"resource_allotment_specifier_pearlst" :STATUS :UNCHECKED
"resource_allotment_specifier_powderst" :STATUS :ALIGNED
"resource_allotment_specifier_quiverst" :STATUS :UNCHECKED
"resource_allotment_specifier_shellst" :STATUS :ALIGNED
"resource_allotment_specifier_skinst" :STATUS :ALIGNED
"resource_allotment_specifier_soapst" :STATUS :UNCHECKED
"resource_allotment_specifier_stonest" :STATUS :ALIGNED
"resource_allotment_specifier_tablest" :STATUS :ALIGNED
"resource_allotment_specifier_tallowst" :STATUS :UNCHECKED
"resource_allotment_specifier_threadst" :STATUS :ALIGNED
"resource_allotment_specifier_toothst" :STATUS :ALIGNED
"resource_allotment_specifier_type" :STATUS :UNCHECKED
"resource_allotment_specifier_weapon_meleest" :STATUS :ALIGNED
"resource_allotment_specifier_weapon_rangedst" :STATUS :ALIGNED
"resource_allotment_specifier_woodst" :STATUS :ALIGNED
"room_rent_info" :STATUS :UNCHECKED
"route_stockpile_link" :STATUS :VERIFIED
"screw_pump_direction" :STATUS :UNCHECKED
"shoes_flags" :STATUS :UNCHECKED
"shop_type" :STATUS :UNCHECKED
"siegeengine_type" :STATUS :UNCHECKED
"site_type" :STATUS :UNCHECKED
"slab_engraving_type" :STATUS :UNCHECKED
"special_mat_table" :STATUS :UNCHECKED
"specific_ref" :STATUS :ALIGNED
"specific_ref_type" :STATUS :UNCHECKED
"sphere_type" :STATUS :UNCHECKED
"squad" :STATUS :ALIGNED
"squad.rooms.*.*" :STATUS :UNCHECKED
"squad.schedule.*.*.*" :STATUS :UNCHECKED
"squad.schedule.*.*.*.orders.*.*" :STATUS :ALIGNED
"squad_ammo_spec" :STATUS :ALIGNED
"squad_position" :STATUS :ALIGNED
"squad_uniform_spec" :STATUS :ALIGNED
"squad_use_flags" :STATUS :UNCHECKED
"stockpile_category" :STATUS :UNCHECKED
"stockpile_settings" :STATUS :ALIGNED
"stockpile_settings_food" :STATUS :UNCHECKED
"stockpile_settings_refuse" :STATUS :UNCHECKED
"stop_depart_condition" :STATUS :VERIFIED
"stop_depart_condition.direction" :STATUS :UNCHECKED
"stop_depart_condition.mode" :STATUS :ALIGNED
"syndrome" :STATUS :ALIGNED
"syndrome_flags" :STATUS :UNCHECKED
"task_kill_nemesisst" :STATUS :UNCHECKED
"task_seek_nemesisst" :STATUS :UNCHECKED
"texture_handler" :STATUS :UNCHECKED
"tile_bitmask" :STATUS :UNCHECKED
"tile_building_occ" :STATUS :UNCHECKED
"tile_designation" :STATUS :UNCHECKED
"tile_dig_designation" :STATUS :UNCHECKED
"tile_liquid" :STATUS :UNCHECKED
"tile_liquid_flow" :STATUS :UNCHECKED
"tile_liquid_flow_dir" :STATUS :UNCHECKED
"tile_occupancy" :STATUS :UNCHECKED
"tile_page" :STATUS :UNCHECKED
"tile_traffic" :STATUS :UNCHECKED
"tiletype" :STATUS :UNCHECKED
"tiletype_material" :STATUS :UNCHECKED
"tiletype_shape" :STATUS :UNCHECKED
"tiletype_shape_basic" :STATUS :UNCHECKED
"tiletype_special" :STATUS :UNCHECKED
"tiletype_variant" :STATUS :UNCHECKED
"timed_event" :STATUS :VERIFIED
"timed_event_type" :STATUS :ALIGNED
"tissue_template" :STATUS :ALIGNED
"tissue_template_flags" :STATUS :UNCHECKED
"tool_flags" :STATUS :UNCHECKED
"tool_uses" :STATUS :UNCHECKED
"toy_flags" :STATUS :UNCHECKED
"training_assignment" :STATUS :UNCHECKED
"training_assignment.auto_mode" :STATUS :UNCHECKED
"training_knowledge_level" :STATUS :UNCHECKED
"trap_type" :STATUS :UNCHECKED
"trapcomp_flags" :STATUS :UNCHECKED
"ui" :STATUS :VERIFIED
"ui.alerts.list.*.*" :STATUS :ALIGNED
"ui.crimes.*.*" :STATUS :UNCHECKED
"ui.crimes.*.*.mode" :STATUS :UNCHECKED
"ui.main.dead_citizens.*.*" :STATUS :ALIGNED
"ui.punishments.*.*" :STATUS :UNCHECKED
"ui.unk2a8c.*.*" :STATUS :UNCHECKED
"ui.waypoints.points.*.*" :STATUS :UNCHECKED
"ui.waypoints.routes.*.*" :STATUS :UNCHECKED
"ui_advmode" :STATUS :ALIGNED
"ui_advmode_menu" :STATUS :UNCHECKED
"ui_build_item_req" :STATUS :VERIFIED
"ui_build_selector" :STATUS :VERIFIED
"ui_hotkey" :STATUS :UNCHECKED
"ui_hotkey.cmd" :STATUS :UNCHECKED
"ui_look_list" :STATUS :ALIGNED
"ui_look_list.items.*.*" :STATUS :ALIGNED
"ui_look_list.items.*.*.type" :STATUS :ALIGNED
"ui_sidebar_menus" :STATUS :ALIGNED
"ui_sidebar_mode" :STATUS :UNCHECKED
"ui_unit_view_mode" :STATUS :UNCHECKED
"ui_unit_view_mode.value" :STATUS :ALIGNED
"uniform_category" :STATUS :UNCHECKED
"uniform_flags" :STATUS :UNCHECKED
"uniform_indiv_choice" :STATUS :UNCHECKED
"uniform_material_class" :STATUS :UNCHECKED
"unit" :STATUS :ALIGNED
"unit.counters.soldier_mood" :STATUS :UNCHECKED
"unit.curse.attr_change.*" :STATUS :ALIGNED
"unit.status.acquintances.*.*" :STATUS :ALIGNED
"unit.status.eat_history.*" :STATUS :ALIGNED
"unit.status2.body_part_temperature.*.*" :STATUS :ALIGNED
"unit_attribute" :STATUS :UNCHECKED
"unit_demand" :STATUS :UNCHECKED
"unit_demand.place" :STATUS :UNCHECKED
"unit_flags1" :STATUS :UNCHECKED
"unit_flags2" :STATUS :UNCHECKED
"unit_flags3" :STATUS :UNCHECKED
"unit_genes" :STATUS :ALIGNED
"unit_ghost_info" :STATUS :ALIGNED
"unit_health_info" :STATUS :ALIGNED
"unit_health_info.op_history.*.*" :STATUS :ALIGNED
"unit_inventory_item" :STATUS :ALIGNED
"unit_inventory_item.mode" :STATUS :UNCHECKED
"unit_item_use" :STATUS :ALIGNED
"unit_item_wrestle" :STATUS :UNCHECKED
"unit_labor" :STATUS :UNCHECKED
"unit_misc_trait" :STATUS :ALIGNED
"unit_misc_trait.id" :STATUS :UNCHECKED
"unit_preference" :STATUS :ALIGNED
"unit_preference.type" :STATUS :UNCHECKED
"unit_skill" :STATUS :ALIGNED
"unit_soul" :STATUS :ALIGNED
"unit_soul.unk5.*.*" :STATUS :ALIGNED
"unit_spatter" :STATUS :ALIGNED
"unit_thought" :STATUS :ALIGNED
"unit_thought_type" :STATUS :UNCHECKED
"units_other_id" :STATUS :UNCHECKED
"vehicle" :STATUS :ALIGNED
"vermin" :STATUS :ALIGNED
"vermin_flags" :STATUS :UNCHECKED
"viewscreen" :STATUS :VERIFIED
"viewscreen_choose_start_sitest" :STATUS :UNCHECKED
"viewscreen_choose_start_sitest.page" :STATUS :UNCHECKED
"viewscreen_createquotast" :STATUS :UNCHECKED
"viewscreen_dungeon_monsterstatusst" :STATUS :UNCHECKED
"viewscreen_dungeonmodest" :STATUS :UNCHECKED
"viewscreen_dwarfmodest" :STATUS :VERIFIED
"viewscreen_itemst" :STATUS :UNCHECKED
"viewscreen_joblistst" :STATUS :VERIFIED
"viewscreen_layer_arena_creaturest" :STATUS :UNCHECKED
"viewscreen_layer_assigntradest" :STATUS :UNCHECKED
"viewscreen_layer_militaryst" :STATUS :ALIGNED
"viewscreen_layer_militaryst.equip.edit_mode" :STATUS :UNCHECKED
"viewscreen_layer_militaryst.equip.mode" :STATUS :UNCHECKED
"viewscreen_layer_militaryst.page" :STATUS :UNCHECKED
"viewscreen_layer_noblelistst" :STATUS :ALIGNED
"viewscreen_layer_noblelistst.candidates.*.*" :STATUS :UNCHECKED
"viewscreen_layer_noblelistst.info.*.*" :STATUS :ALIGNED
"viewscreen_layer_noblelistst.mode" :STATUS :UNCHECKED
"viewscreen_layer_overall_healthst" :STATUS :ALIGNED
"viewscreen_layer_workshop_profilest" :STATUS :VERIFIED
"viewscreen_layer_workshop_profilest.profile" :STATUS :VERIFIED
"viewscreen_layerst" :STATUS :VERIFIED
"viewscreen_optionst" :STATUS :UNCHECKED
"viewscreen_overallstatusst" :STATUS :ALIGNED
"viewscreen_petst" :STATUS :UNCHECKED
"viewscreen_petst.mode" :STATUS :UNCHECKED
"viewscreen_titlest" :STATUS :VERIFIED
"viewscreen_titlest.sel_subpage" :STATUS :UNCHECKED
"viewscreen_tradegoodsst" :STATUS :VERIFIED
"viewscreen_tradelistst" :STATUS :VERIFIED
"viewscreen_unitlistst" :STATUS :ALIGNED
"viewscreen_unitlistst.page" :STATUS :UNCHECKED
"weapon_flags" :STATUS :UNCHECKED
"weather_type" :STATUS :UNCHECKED
"workshop_profile" :STATUS :VERIFIED
"workshop_type" :STATUS :UNCHECKED
"world" :STATUS :ALIGNED
"world.arena_spawn.item_types.*.*.*" :STATUS :UNCHECKED
"world.deep_vein_hollows.*.*" :STATUS :ALIGNED
"world.glowing_barriers.*.*" :STATUS :UNCHECKED
"world.populations.*.*" :STATUS :ALIGNED
"world.status.slots.*" :STATUS :UNCHECKED
"world.unk_19325c.@.*.*" :STATUS :UNCHECKED
"world.unk_59dc4.unk1.*.*" :STATUS :ALIGNED
"world.unk_5a39c.unk.*" :STATUS :UNCHECKED
"world_construction_type" :STATUS :UNCHECKED
"world_data" :STATUS :ALIGNED
"world_data.mountain_peaks.*.*" :STATUS :ALIGNED
"world_data.region_map.*.*" :STATUS :UNCHECKED
"world_data.unk2.*.*" :STATUS :ALIGNED
"world_data.unk_110.*" :STATUS :UNCHECKED
"world_data.unk_110.*.table.*.*" :STATUS :UNCHECKED
"world_data.unk_140.*.*" :STATUS :ALIGNED
"world_data.unk_150.*.*" :STATUS :ALIGNED
"world_data.unk_150.*.*.unk_18.*.*" :STATUS :ALIGNED
"world_data.unk_150.*.*.unk_28.*.*" :STATUS :ALIGNED
"world_data.unk_150.*.*.unk_8.*.*" :STATUS :ALIGNED
"world_data.unk_204.*.*" :STATUS :UNCHECKED
"world_data.unk_204.*.*.features.*" :STATUS :ALIGNED
"world_data.unk_274.*.*" :STATUS :UNCHECKED
"world_data.unk_274.*.*.unk_10.*.*" :STATUS :UNCHECKED
"world_geo_biome" :STATUS :ALIGNED
"world_geo_layer" :STATUS :ALIGNED
"world_history" :STATUS :UNCHECKED
"world_landmass" :STATUS :ALIGNED
"world_population" :STATUS :ALIGNED
"world_population_ref" :STATUS :UNCHECKED
"world_population_type" :STATUS :UNCHECKED
"world_raws" :STATUS :UNCHECKED
"world_raws.bodyglosses.*.*" :STATUS :ALIGNED
"world_raws.language.word_table.*.*" :STATUS :UNCHECKED
"world_region" :STATUS :ALIGNED
"world_region_details" :STATUS :ALIGNED
"world_river" :STATUS :ALIGNED
"world_site" :STATUS :ALIGNED
"world_site.inhabitants.*.*" :STATUS :ALIGNED
"world_site.type" :STATUS :UNCHECKED
"world_site.unk_13c.*.*" :STATUS :ALIGNED
"world_site.unk_184.*" :STATUS :ALIGNED
"world_site_unk130" :STATUS :ALIGNED
"world_site_unk130.unk_4.*.*.*" :STATUS :ALIGNED
"world_underground_region" :STATUS :ALIGNED
"worldgen_range_type" :STATUS :UNCHECKED
"worldgen_region_type" :STATUS :UNCHECKED
"z_level_flags" :STATUS :UNCHECKED
